******************************************************************************
                  TI ARM Linker PC v20.2.7                     
******************************************************************************
>> Linked Tue Jan 14 19:02:25 2025

OUTPUT FILE NAME:   <hibernate.out>
ENTRY POINT SYMBOL: "_c_int00_noinit_noargs"  address: 0000070d


MEMORY CONFIGURATION

         name            origin    length      used     unused   attr    fill
----------------------  --------  ---------  --------  --------  ----  --------
  FLASH                 00000000   00040000  00000830  0003f7d0  R  X
  SRAM                  20000000   00008000  00000200  00007e00  RW X


SEGMENT ALLOCATION MAP

run origin  load origin   length   init length attrs members
----------  ----------- ---------- ----------- ----- -------
00000000    00000000    00000830   00000830    r-x
  00000000    00000000    0000026c   0000026c    r-- .intvecs
  0000026c    0000026c    00000558   00000558    r-x .text
  000007c4    000007c4    0000006c   0000006c    r-- .const
20000000    20000000    00000200   00000000    rw-
  20000000    20000000    00000200   00000000    rw- .stack


SECTION ALLOCATION MAP

 output                                  attributes/
section   page    origin      length       input sections
--------  ----  ----------  ----------   ----------------
.intvecs   0    00000000    0000026c     
                  00000000    0000026c     tm4c123gh6pm_startup_ccs.obj (.intvecs)

.text      0    0000026c    00000558     
                  0000026c    0000016c     driverlib.lib : gpio.obj (.text:GPIOPadConfigSet)
                  000003d8    00000118                   : sysctl.obj (.text:SysCtlClockGet)
                  000004f0    000000f4                   : sysctl.obj (.text:SysCtlClockSet)
                  000005e4    00000064                   : hibernate.obj (.text:HibernateWakeSet)
                  00000648    00000064     main.obj (.text)
                  000006ac    00000034     driverlib.lib : sysctl.obj (.text:SysCtlPeripheralEnable)
                  000006e0    0000002c                   : gpio.obj (.text:GPIODirModeSet)
                  0000070c    0000002c     rtsv7M4_T_le_v4SPD16_eabi.lib : boot_cortex_m.c.obj (.text:_c_int00_noinit_noargs:_c_int00_noinit_noargs)
                  00000738    0000001a     driverlib.lib : gpio.obj (.text:GPIOPinTypeGPIOOutput)
                  00000752    00000002     --HOLE-- [fill = 0]
                  00000754    00000018                   : hibernate.obj (.text:HibernateGPIORetentionEnable)
                  0000076c    00000014                   : hibernate.obj (.text:HibernateEnableExpClk)
                  00000780    00000014                   : hibernate.obj (.text:HibernateRequest)
                  00000794    00000010                   : hibernate.obj (.text:_HibernateWriteComplete)
                  000007a4    0000000c     tm4c123gh6pm_startup_ccs.obj (.text)
                  000007b0    00000006     driverlib.lib : gpio.obj (.text:GPIOPinWrite)
                  000007b6    00000006                   : sysctl.obj (.text:SysCtlDelay)
                  000007bc    00000004     rtsv7M4_T_le_v4SPD16_eabi.lib : pre_init.c.obj (.text:_system_pre_init)
                  000007c0    00000004                                   : exit.c.obj (.text:abort:abort)

.const     0    000007c4    0000006c     
                  000007c4    0000006c     driverlib.lib : sysctl.obj (.const:g_pui32Xtals)

.cinit     0    00000000    00000000     UNINITIALIZED

.init_array 
*          0    00000000    00000000     UNINITIALIZED

.stack     0    20000000    00000200     UNINITIALIZED
                  20000000    00000004     rtsv7M4_T_le_v4SPD16_eabi.lib : boot_cortex_m.c.obj (.stack)
                  20000004    000001fc     --HOLE--

__llvm_prf_cnts 
*          0    20000000    00000000     UNINITIALIZED

MODULE SUMMARY

       Module                         code   ro data   rw data
       ------                         ----   -------   -------
    .\
       tm4c123gh6pm_startup_ccs.obj   12     620       0      
       main.obj                       100    0         0      
    +--+------------------------------+------+---------+---------+
       Total:                         112    620       0      
                                                              
    C:/ti/driverlib/ccs/Debug/driverlib.lib
       sysctl.obj                     582    108       0      
       gpio.obj                       440    0         0      
       hibernate.obj                  180    0         0      
    +--+------------------------------+------+---------+---------+
       Total:                         1202   108       0      
                                                              
    C:\ti\ccs1281\ccs\tools\compiler\ti-cgt-arm_20.2.7.LTS\lib\rtsv7M4_T_le_v4SPD16_eabi.lib
       boot_cortex_m.c.obj            44     0         0      
       exit.c.obj                     4      0         0      
       pre_init.c.obj                 4      0         0      
    +--+------------------------------+------+---------+---------+
       Total:                         52     0         0      
                                                              
       Stack:                         0      0         512    
    +--+------------------------------+------+---------+---------+
       Grand Total:                   1366   728       512    


GLOBAL SYMBOLS: SORTED ALPHABETICALLY BY Name 

address   name                        
-------   ----                        
000007c1  C$$EXIT                     
000006e1  GPIODirModeSet              
0000026d  GPIOPadConfigSet            
00000739  GPIOPinTypeGPIOOutput       
000007b1  GPIOPinWrite                
0000076d  HibernateEnableExpClk       
00000755  HibernateGPIORetentionEnable
00000781  HibernateRequest            
000005e5  HibernateWakeSet            
000007a5  ResetISR                    
000003d9  SysCtlClockGet              
000004f1  SysCtlClockSet              
000007b7  SysCtlDelay                 
000006ad  SysCtlPeripheralEnable      
20000200  __STACK_END                 
00000200  __STACK_SIZE                
20000200  __STACK_TOP                 
ffffffff  __TI_pprof_out_hndl         
ffffffff  __TI_prof_data_size         
ffffffff  __TI_prof_data_start        
00000000  __TI_static_base__          
ffffffff  __binit__                   
ffffffff  __c_args__                  
UNDEFED   __mpu_init                  
20000000  __stack                     
20000000  __start___llvm_prf_cnts     
20000000  __stop___llvm_prf_cnts      
0000070d  _c_int00_noinit_noargs      
000007bd  _system_pre_init            
000007c1  abort                       
ffffffff  binit                       
00000000  g_pfnVectors                
00000649  main                        


GLOBAL SYMBOLS: SORTED BY Symbol Address 

address   name                        
-------   ----                        
00000000  __TI_static_base__          
00000000  g_pfnVectors                
00000200  __STACK_SIZE                
0000026d  GPIOPadConfigSet            
000003d9  SysCtlClockGet              
000004f1  SysCtlClockSet              
000005e5  HibernateWakeSet            
00000649  main                        
000006ad  SysCtlPeripheralEnable      
000006e1  GPIODirModeSet              
0000070d  _c_int00_noinit_noargs      
00000739  GPIOPinTypeGPIOOutput       
00000755  HibernateGPIORetentionEnable
0000076d  HibernateEnableExpClk       
00000781  HibernateRequest            
000007a5  ResetISR                    
000007b1  GPIOPinWrite                
000007b7  SysCtlDelay                 
000007bd  _system_pre_init            
000007c1  C$$EXIT                     
000007c1  abort                       
20000000  __stack                     
20000000  __start___llvm_prf_cnts     
20000000  __stop___llvm_prf_cnts      
20000200  __STACK_END                 
20000200  __STACK_TOP                 
ffffffff  __TI_pprof_out_hndl         
ffffffff  __TI_prof_data_size         
ffffffff  __TI_prof_data_start        
ffffffff  __binit__                   
ffffffff  __c_args__                  
ffffffff  binit                       
UNDEFED   __mpu_init                  

[33 symbols]
